<!DOCTYPE html>
<html xmlns="http://www.w3.org/1999/xhtml" lang="en">
  <head>
    <meta charset="utf-8" />
    <title>Home</title>
    <meta name="viewport" content="initial-scale=1,maximum-scale=1" />
    <meta name="keywords" content="preact, material components, preact components" />
    <meta name="description" content="preact-material-components is a thin opinionless wrapper around material-components-web. Use these components to add material components to your web app, without worrying about the extra code of the the components which you are not using."
    />
    <meta name="mobile-web-app-capable" content="yes" />
    <meta name="apple-mobile-web-app-capable" content="yes" />
    <link rel="shortcut icon" type="image/png" href="favicon.png" />
    <link rel="stylesheet" href="https://fonts.googleapis.com/icon?family=Material+Icons" />
    <link rel="manifest" href="/manifest.json" />
    <link rel="shortcut icon" href="/favicon.ico" />
    <link href="[dynamic generated].css" rel="stylesheet" />
    <script type="text/javascript" charset="utf-8" async="" src="[dynamic generated].js"></script>
  </head>
  <body>
    <div class="home mdc-typography">
      <link rel="stylesheet" href="https://fonts.googleapis.com/icon?family=Material+Icons" />
      <div class="hero">
        <header class="mdc-theme--dark mdc-toolbar mdc-toolbar--flexible-space-maximized">
          <div class="mdc-toolbar__row">
            <section class="mdc-toolbar__section mdc-toolbar__section--align-start">
              <a class="mdc-toolbar__menu-icon material-icons" menu="true" href="#">menu</a><span class="mdc-toolbar__title"></span></section>
            <section class="mdc-toolbar__section mdc-toolbar__section--align-end">
              <div class="field-darkmode mdc-form-field">Dark Mode
                <div class="switch-darkmode mdc-switch">
                  <input type="checkbox" class="mdc-switch__native-control" />
                  <div class="mdc-switch__background">
                    <div class="mdc-switch__knob"></div>
                  </div>
                </div>
              </div>
            </section>
          </div>
        </header>
        <svg width="200" height="200" xmlns="http://www.w3.org/2000/svg" preserveAspectRatio="xMinYMid">
          <g>
            <title>background</title>
            <rect fill="none" id="canvas_background" height="202" width="202" y="-1" x="-1" />
          </g>
          <g>
            <title>Layer 1</title>
            <path stroke="#673ab8" id="svg_19" fill="#673ab8" d="m100,6.87844l83.36915,46.56078l0,93.12156l-83.36915,46.56078l-83.36914,-46.56078l0,-93.12156l83.36914,-46.56078z" />
            <g id="svg_34">
              <g stroke="null" id="svg_5">
                <circle stroke="null" id="svg_1" r="56.999668" cy="99.999997" cx="99.333339" class="st0" />
                <path stroke="null" id="svg_2" d="m59.433574,60.100231l79.799535,0l0,79.799535l-79.799535,0l0,-79.799535z" class="st1" />
                <path stroke="null" id="svg_3" d="m139.233109,60.100231l-39.899768,79.799535l-39.899768,-79.799535l79.799535,0z" class="st2" />
                <path stroke="null" id="svg_4" d="m42.333671,43.000329l113.999336,0l0,113.999336l-113.999336,0l0,-113.999336z" class="st3" />
              </g>
              <ellipse ry="1.999985" rx="1.999985" id="svg_25" cy="93.333385" cx="99.333336" stroke-width="null" stroke="null" fill="#673ab8" />
            </g>
            <g stroke="null" id="svg_36">
              <ellipse stroke="#673ab8" transform="matrix(0.17321515449627276,0.17321515449627273,-0.17321515449627273,0.17321515449627276,63.46362017579341,27.139604895916065) " ry="20.957719" rx="75.190925" id="svg_32" cy="89.457308" cx="296.539126" fill-opacity="null"
                stroke-width="5" fill="none" />
              <ellipse stroke="#673ab8" transform="matrix(0.17321515449627276,-0.17321515449627273,0.17321515449627273,0.17321515449627276,28.182048694186207,62.16614021567621) " ry="20.957719" rx="75.190925" id="svg_35" cy="297.275314" cx="113.492909"
                fill-opacity="null" stroke-width="5" fill="none" />
            </g>
          </g>
        </svg>
        <div class="mdc-typography--display2 name">preact-material-components</div>
      </div>
      <aside class="mdc-drawer--temporary mdc-typography mdc-drawer" style="--mdc-temporary-drawer-opacity:0;">
        <nav class="mdc-drawer__drawer">
          <header class="mdc-theme--primary-bg mdc-drawer__header">
            <div class="mdc-drawer__header-content">Components @ (v1.5.0)</div>
          </header>
          <nav class="mdc-drawer__content mdc-list">
            <a role="option" href="/" class="mdc-list-item" data-mdc-tabindex-handled="true" tabindex="-1"><span role="presentation" class="mdc-list-item__graphic"><i aria-hidden="true" class="mdc-icon material-icons">home</i></span>Home</a>
            <a role="option" href="/component/button/" class="mdc-list-item" data-mdc-tabindex-handled="true" tabindex="-1"><span role="presentation" class="mdc-list-item__graphic"><i aria-hidden="true" class="mdc-icon material-icons">code</i></span>Button</a>
            <a role="option" href="/component/card/" class="mdc-list-item" data-mdc-tabindex-handled="true" tabindex="-1"><span role="presentation" class="mdc-list-item__graphic"><i aria-hidden="true" class="mdc-icon material-icons">code</i></span>Card</a>
            <a role="option" href="/component/chips/" class="mdc-list-item" data-mdc-tabindex-handled="true" tabindex="-1"><span role="presentation" class="mdc-list-item__graphic"><i aria-hidden="true" class="mdc-icon material-icons">code</i></span>Chips</a>
            <a role="option" href="/component/checkbox/" class="mdc-list-item" data-mdc-tabindex-handled="true" tabindex="-1"><span role="presentation" class="mdc-list-item__graphic"><i aria-hidden="true" class="mdc-icon material-icons">code</i></span>Checkbox</a>
            <a role="option" href="/component/dialog/" class="mdc-list-item" data-mdc-tabindex-handled="true" tabindex="-1"><span role="presentation" class="mdc-list-item__graphic"><i aria-hidden="true" class="mdc-icon material-icons">code</i></span>Dialog</a>
            <a role="option" href="/component/drawer/" class="mdc-list-item" data-mdc-tabindex-handled="true" tabindex="-1"><span role="presentation" class="mdc-list-item__graphic"><i aria-hidden="true" class="mdc-icon material-icons">code</i></span>Drawer</a>
            <a role="option" href="/component/elevation/" class="mdc-list-item" data-mdc-tabindex-handled="true" tabindex="-1"><span role="presentation" class="mdc-list-item__graphic"><i aria-hidden="true" class="mdc-icon material-icons">code</i></span>Elevation</a>
            <a role="option" href="/component/fab/" class="mdc-list-item" data-mdc-tabindex-handled="true" tabindex="-1"><span role="presentation" class="mdc-list-item__graphic"><i aria-hidden="true" class="mdc-icon material-icons">code</i></span>Fab</a>
            <a role="option" href="/component/form-field/" class="mdc-list-item" data-mdc-tabindex-handled="true" tabindex="-1"><span role="presentation" class="mdc-list-item__graphic"><i aria-hidden="true" class="mdc-icon material-icons">code</i></span>FormField</a>
            <a role="option" href="/component/grid-list/" class="mdc-list-item" data-mdc-tabindex-handled="true"
              tabindex="-1"><span role="presentation" class="mdc-list-item__graphic"><i aria-hidden="true" class="mdc-icon material-icons">code</i></span>GridList</a>
            <a role="option" href="/component/icon/" class="mdc-list-item" data-mdc-tabindex-handled="true" tabindex="-1"><span role="presentation" class="mdc-list-item__graphic"><i aria-hidden="true" class="mdc-icon material-icons">code</i></span>Icon</a>
            <a role="option" href="/component/icon-button/" class="mdc-list-item" data-mdc-tabindex-handled="true" tabindex="-1"><span role="presentation" class="mdc-list-item__graphic"><i aria-hidden="true" class="mdc-icon material-icons">code</i></span>IconButton</a>
            <a role="option" href="/component/icon-toggle/" class="mdc-list-item" data-mdc-tabindex-handled="true"
              tabindex="-1"><span role="presentation" class="mdc-list-item__graphic"><i aria-hidden="true" class="mdc-icon material-icons">code</i></span>IconToggle</a>
            <a role="option" href="/component/image-list/" class="mdc-list-item" data-mdc-tabindex-handled="true"
              tabindex="-1"><span role="presentation" class="mdc-list-item__graphic"><i aria-hidden="true" class="mdc-icon material-icons">code</i></span>ImageList</a>
            <a role="option" href="/component/layout-grid/" class="mdc-list-item" data-mdc-tabindex-handled="true"
              tabindex="-1"><span role="presentation" class="mdc-list-item__graphic"><i aria-hidden="true" class="mdc-icon material-icons">code</i></span>LayoutGrid</a>
            <a role="option" href="/component/linear-progress/" class="mdc-list-item" data-mdc-tabindex-handled="true"
              tabindex="-1"><span role="presentation" class="mdc-list-item__graphic"><i aria-hidden="true" class="mdc-icon material-icons">code</i></span>LinearProgress</a>
            <a role="option" href="/component/list/" class="mdc-list-item" data-mdc-tabindex-handled="true"
              tabindex="-1"><span role="presentation" class="mdc-list-item__graphic"><i aria-hidden="true" class="mdc-icon material-icons">code</i></span>List</a>
            <a role="option" href="/component/menu/" class="mdc-list-item" data-mdc-tabindex-handled="true" tabindex="-1"><span role="presentation" class="mdc-list-item__graphic"><i aria-hidden="true" class="mdc-icon material-icons">code</i></span>Menu</a>
            <a role="option" href="/component/radio/" class="mdc-list-item" data-mdc-tabindex-handled="true" tabindex="-1"><span role="presentation" class="mdc-list-item__graphic"><i aria-hidden="true" class="mdc-icon material-icons">code</i></span>Radio</a>
            <a role="option" href="/component/select/" class="mdc-list-item" data-mdc-tabindex-handled="true" tabindex="-1"><span role="presentation" class="mdc-list-item__graphic"><i aria-hidden="true" class="mdc-icon material-icons">code</i></span>Select</a>
            <a role="option" href="/component/slider/" class="mdc-list-item" data-mdc-tabindex-handled="true" tabindex="-1"><span role="presentation" class="mdc-list-item__graphic"><i aria-hidden="true" class="mdc-icon material-icons">code</i></span>Slider</a>
            <a role="option" href="/component/snackbar/" class="mdc-list-item" data-mdc-tabindex-handled="true" tabindex="-1"><span role="presentation" class="mdc-list-item__graphic"><i aria-hidden="true" class="mdc-icon material-icons">code</i></span>Snackbar</a>
            <a role="option" href="/component/switch/" class="mdc-list-item" data-mdc-tabindex-handled="true" tabindex="-1"><span role="presentation" class="mdc-list-item__graphic"><i aria-hidden="true" class="mdc-icon material-icons">code</i></span>Switch</a>
            <a role="option" href="/component/tabs/" class="mdc-list-item" data-mdc-tabindex-handled="true" tabindex="-1"><span role="presentation" class="mdc-list-item__graphic"><i aria-hidden="true" class="mdc-icon material-icons">code</i></span>Tabs</a>
            <a role="option" href="/component/textfield/" class="mdc-list-item" data-mdc-tabindex-handled="true" tabindex="-1"><span role="presentation" class="mdc-list-item__graphic"><i aria-hidden="true" class="mdc-icon material-icons">code</i></span>TextField</a>
            <a role="option" href="/component/theme/" class="mdc-list-item" data-mdc-tabindex-handled="true" tabindex="-1"><span role="presentation" class="mdc-list-item__graphic"><i aria-hidden="true" class="mdc-icon material-icons">code</i></span>Theme</a>
            <a role="option" href="/component/toolbar/" class="mdc-list-item" data-mdc-tabindex-handled="true" tabindex="-1"><span role="presentation" class="mdc-list-item__graphic"><i aria-hidden="true" class="mdc-icon material-icons">code</i></span>Toolbar</a>
            <a role="option" href="/component/top-app-bar/" class="mdc-list-item" data-mdc-tabindex-handled="true"
              tabindex="-1"><span role="presentation" class="mdc-list-item__graphic"><i aria-hidden="true" class="mdc-icon material-icons">code</i></span>TopAppBar</a>
            <a role="option" href="/component/typography/" class="mdc-list-item" data-mdc-tabindex-handled="true"
              tabindex="-1"><span role="presentation" class="mdc-list-item__graphic"><i aria-hidden="true" class="mdc-icon material-icons">code</i></span>Typography</a>
          </nav>
        </nav>
      </aside>
      <div class="content mdc-layout-grid">
        <div class="mdc-layout-grid__inner">
          <div class="mdc-layout-grid__cell mdc-layout-grid__cell--span-12">
            <div>
              <div class="mdc-typography--body">
                <div>
                  <a href="https://github.com/prateekbh/preact-material-components"><span class="grey">preact-material-components</span></a> is a thin opinionless wrapper around
                  <a href="https://github.com/material-components/material-components-web">material-components-web</a>. Use these components to add material components to your web app, without worrying about the extra code of components which you are not using.</div>
                <div class="mdc-typography--display1">How to use</div>
                <div>All the components of <span class="grey">preact-material-components</span> are built to work independently. So there are couple of ways to use them.</div>
                <div><pre class="highlight highlight-undefined"><code class="hljs lang-undefined">npm i -D preact-material-components</code></pre></div>
                <div>
                  <div class="mdc-typography--title">Using the JS of the component</div>
                  <div>You can also use the components individually, as none of the tree shaking currently removes unused classes.<pre class="highlight highlight-js"><code class="hljs lang-js"><span class="hljs-keyword">import</span> Radio <span class="hljs-keyword">from</span> <span class="hljs-string">'preact-material-components/Radio'</span>;
<span class="hljs-keyword">import</span> FormField <span class="hljs-keyword">from</span> <span class="hljs-string">'preact-material-components/FormField'</span>;
<span class="hljs-keyword">import</span> Button <span class="hljs-keyword">from</span> <span class="hljs-string">'preact-material-components/Button'</span>;</code></pre>Although you can import all the components together, you should not. Importing this
                    way will bring unnecessary code of other components into your final bundle. This might hit your metrics like time to interactivity, load times, etc. DO NOT BLOAT YOUR BUNDLE.<pre class="highlight highlight-js"><code class="hljs lang-js"><span class="hljs-keyword">import</span> {Button, Fab, Snackbar} <span class="hljs-keyword">from</span> <span class="hljs-string">'preact-material-component'</span>;</code></pre></div>
                </div>
                <div>
                  <div class="mdc-typography--title">Using the CSS of the component</div>
                  <div>If you are using only a couple of components from the entire package, try importing individual CSS, for the same reason: TO AVOID BLOATING YOUR CSS BUNDLE.<pre class="highlight highlight-js"><code class="hljs lang-js"><span class="hljs-keyword">import</span> <span class="hljs-string">'preact-material-components/Radio/style.css'</span>;
<span class="hljs-keyword">import</span> <span class="hljs-string">'preact-material-components/FormField/style.css'</span>;
<span class="hljs-keyword">import</span> <span class="hljs-string">'preact-material-components/Button/style.css'</span>;</code></pre>However this approach might work against you if you use a lot of components. In that case, prefer adding the entire stylesheet
                    at once, as it is more optimized for such cases.<pre class="highlight highlight-js"><code class="hljs lang-js"><span class="hljs-keyword">import</span> <span class="hljs-string">'preact-material-components/style.css'</span>;</code></pre></div>
                </div>
              </div>
            </div>
          </div>
        </div>
      </div>
    </div>
    <script defer="defer" src="[dynamic generated].js"></script>
    <script>
      window.fetch || document.write('&lt;script src="/polyfills.c38d7.js"&gt;&lt;\/script&gt;')
    </script>
  </body>
</html>