<html>
  <head>
    <link rel="alternate stylesheet" type="text/css" href="resource://content-accessible/plaintext.css" title="Wrap Long Lines">
  </head>
  <body><pre>Not Found</pre></body>
</html>