<html lang="en">
  <head>
    <meta charset="utf-8">
    <title>Radio</title>
    <meta name="viewport" content="initial-scale=1,maximum-scale=1">
    <meta name="keywords" content="preact, material components, preact components">
    <meta name="description" content="preact-material-components is a thin opinionless wrapper around material-components-web. Use these components to add material components to your web app, without worrying about the extra code of the the components which you are not using.">
    <meta name="mobile-web-app-capable" content="yes">
    <meta name="apple-mobile-web-app-capable" content="yes">
    <link rel="shortcut icon" type="image/png" href="favicon.png">
    <link rel="stylesheet" href="https://fonts.googleapis.com/icon?family=Material+Icons">
    <link rel="manifest" href="/manifest.json">
    <link rel="shortcut icon" href="/favicon.ico">
    <link href="[dynamic generated].css" rel="stylesheet">
    <script type="text/javascript" charset="utf-8" async="" src="[dynamic generated].js"></script>
  </head>
  <body>
    <div class="home mdc-typography">
      <link rel="stylesheet" href="https://fonts.googleapis.com/icon?family=Material+Icons">
      <div class="hero collapsed">
        <header class="mdc-theme--dark mdc-toolbar mdc-toolbar--flexible-space-maximized">
          <div class="mdc-toolbar__row">
            <section class="mdc-toolbar__section mdc-toolbar__section--align-start">
              <a class="mdc-toolbar__menu-icon material-icons" menu="true" href="#">menu</a><span class="mdc-toolbar__title">Radio</span></section>
            <section class="mdc-toolbar__section mdc-toolbar__section--align-end">
              <div class="field-darkmode mdc-form-field">Dark Mode
                <div class="switch-darkmode mdc-switch">
                  <input class="mdc-switch__native-control" type="checkbox">
                  <div class="mdc-switch__background">
                    <div class="mdc-switch__knob"></div>
                  </div>
                </div>
              </div>
            </section>
          </div>
        </header>
        <svg width="200" height="200" xmlns="http://www.w3.org/2000/svg" preserveAspectRatio="xMinYMid">
          <g>
            <title>background</title>
            <rect fill="none" id="canvas_background" height="202" width="202" y="-1" x="-1"></rect>
          </g>
          <g>
            <title>Layer 1</title>
            <path stroke="#673ab8" id="svg_19" fill="#673ab8" d="m100,6.87844l83.36915,46.56078l0,93.12156l-83.36915,46.56078l-83.36914,-46.56078l0,-93.12156l83.36914,-46.56078z"></path>
            <g id="svg_34">
              <g stroke="null" id="svg_5">
                <circle stroke="null" id="svg_1" r="56.999668" cy="99.999997" cx="99.333339" class="st0"></circle>
                <path stroke="null" id="svg_2" d="m59.433574,60.100231l79.799535,0l0,79.799535l-79.799535,0l0,-79.799535z" class="st1"></path>
                <path stroke="null" id="svg_3" d="m139.233109,60.100231l-39.899768,79.799535l-39.899768,-79.799535l79.799535,0z" class="st2"></path>
                <path stroke="null" id="svg_4" d="m42.333671,43.000329l113.999336,0l0,113.999336l-113.999336,0l0,-113.999336z" class="st3"></path>
              </g>
              <ellipse ry="1.999985" rx="1.999985" id="svg_25" cy="93.333385" cx="99.333336" stroke-width="null" stroke="null" fill="#673ab8"></ellipse>
            </g>
            <g stroke="null" id="svg_36">
              <ellipse stroke="#673ab8" transform="matrix(0.17321515449627276,0.17321515449627273,-0.17321515449627273,0.17321515449627276,63.46362017579341,27.139604895916065) " ry="20.957719" rx="75.190925" id="svg_32" cy="89.457308" cx="296.539126" fill-opacity="null"
                stroke-width="5" fill="none"></ellipse>
              <ellipse stroke="#673ab8" transform="matrix(0.17321515449627276,-0.17321515449627273,0.17321515449627273,0.17321515449627276,28.182048694186207,62.16614021567621) " ry="20.957719" rx="75.190925" id="svg_35" cy="297.275314" cx="113.492909"
                fill-opacity="null" stroke-width="5" fill="none"></ellipse>
            </g>
          </g>
        </svg>
        <div class="mdc-typography--display2 name">preact-material-components</div>
      </div>
      <aside class="mdc-drawer--temporary mdc-typography mdc-drawer" style="--mdc-temporary-drawer-opacity:0;">
        <nav class="mdc-drawer__drawer">
          <header class="mdc-theme--primary-bg mdc-drawer__header">
            <div class="mdc-drawer__header-content">Components @ (v1.5.0)</div>
          </header>
          <nav class="mdc-drawer__content mdc-list">
            <a role="option" href="/" class="mdc-list-item" data-mdc-tabindex-handled="true" tabindex="-1"><span role="presentation" class="mdc-list-item__graphic"><i aria-hidden="true" class="mdc-icon material-icons">home</i></span>Home</a>
            <a role="option" href="/component/button/" class="mdc-list-item" data-mdc-tabindex-handled="true" tabindex="-1"><span role="presentation" class="mdc-list-item__graphic"><i aria-hidden="true" class="mdc-icon material-icons">code</i></span>Button</a>
            <a role="option" href="/component/card/" class="mdc-list-item" data-mdc-tabindex-handled="true" tabindex="-1"><span role="presentation" class="mdc-list-item__graphic"><i aria-hidden="true" class="mdc-icon material-icons">code</i></span>Card</a>
            <a role="option" href="/component/chips/" class="mdc-list-item" data-mdc-tabindex-handled="true" tabindex="-1"><span role="presentation" class="mdc-list-item__graphic"><i aria-hidden="true" class="mdc-icon material-icons">code</i></span>Chips</a>
            <a role="option" href="/component/checkbox/" class="mdc-list-item" data-mdc-tabindex-handled="true" tabindex="-1"><span role="presentation" class="mdc-list-item__graphic"><i aria-hidden="true" class="mdc-icon material-icons">code</i></span>Checkbox</a>
            <a role="option" href="/component/dialog/" class="mdc-list-item" data-mdc-tabindex-handled="true" tabindex="-1"><span role="presentation" class="mdc-list-item__graphic"><i aria-hidden="true" class="mdc-icon material-icons">code</i></span>Dialog</a>
            <a role="option" href="/component/drawer/" class="mdc-list-item" data-mdc-tabindex-handled="true" tabindex="-1"><span role="presentation" class="mdc-list-item__graphic"><i aria-hidden="true" class="mdc-icon material-icons">code</i></span>Drawer</a>
            <a role="option" href="/component/elevation/" class="mdc-list-item" data-mdc-tabindex-handled="true" tabindex="-1"><span role="presentation" class="mdc-list-item__graphic"><i aria-hidden="true" class="mdc-icon material-icons">code</i></span>Elevation</a>
            <a role="option" href="/component/fab/" class="mdc-list-item" data-mdc-tabindex-handled="true" tabindex="-1"><span role="presentation" class="mdc-list-item__graphic"><i aria-hidden="true" class="mdc-icon material-icons">code</i></span>Fab</a>
            <a role="option" href="/component/form-field/" class="mdc-list-item" data-mdc-tabindex-handled="true" tabindex="-1"><span role="presentation" class="mdc-list-item__graphic"><i aria-hidden="true" class="mdc-icon material-icons">code</i></span>FormField</a>
            <a role="option" href="/component/grid-list/" class="mdc-list-item" data-mdc-tabindex-handled="true"
              tabindex="-1"><span role="presentation" class="mdc-list-item__graphic"><i aria-hidden="true" class="mdc-icon material-icons">code</i></span>GridList</a>
            <a role="option" href="/component/icon/" class="mdc-list-item" data-mdc-tabindex-handled="true" tabindex="-1"><span role="presentation" class="mdc-list-item__graphic"><i aria-hidden="true" class="mdc-icon material-icons">code</i></span>Icon</a>
            <a role="option" href="/component/icon-button/" class="mdc-list-item" data-mdc-tabindex-handled="true" tabindex="-1"><span role="presentation" class="mdc-list-item__graphic"><i aria-hidden="true" class="mdc-icon material-icons">code</i></span>IconButton</a>
            <a role="option" href="/component/icon-toggle/" class="mdc-list-item" data-mdc-tabindex-handled="true"
              tabindex="-1"><span role="presentation" class="mdc-list-item__graphic"><i aria-hidden="true" class="mdc-icon material-icons">code</i></span>IconToggle</a>
            <a role="option" href="/component/image-list/" class="mdc-list-item" data-mdc-tabindex-handled="true"
              tabindex="-1"><span role="presentation" class="mdc-list-item__graphic"><i aria-hidden="true" class="mdc-icon material-icons">code</i></span>ImageList</a>
            <a role="option" href="/component/layout-grid/" class="mdc-list-item" data-mdc-tabindex-handled="true"
              tabindex="-1"><span role="presentation" class="mdc-list-item__graphic"><i aria-hidden="true" class="mdc-icon material-icons">code</i></span>LayoutGrid</a>
            <a role="option" href="/component/linear-progress/" class="mdc-list-item" data-mdc-tabindex-handled="true"
              tabindex="-1"><span role="presentation" class="mdc-list-item__graphic"><i aria-hidden="true" class="mdc-icon material-icons">code</i></span>LinearProgress</a>
            <a role="option" href="/component/list/" class="mdc-list-item" data-mdc-tabindex-handled="true"
              tabindex="-1"><span role="presentation" class="mdc-list-item__graphic"><i aria-hidden="true" class="mdc-icon material-icons">code</i></span>List</a>
            <a role="option" href="/component/menu/" class="mdc-list-item" data-mdc-tabindex-handled="true" tabindex="-1"><span role="presentation" class="mdc-list-item__graphic"><i aria-hidden="true" class="mdc-icon material-icons">code</i></span>Menu</a>
            <a role="option" href="/component/radio/" class="mdc-list-item" data-mdc-tabindex-handled="true" tabindex="-1"><span role="presentation" class="mdc-list-item__graphic"><i aria-hidden="true" class="mdc-icon material-icons">code</i></span>Radio</a>
            <a role="option" href="/component/select/" class="mdc-list-item" data-mdc-tabindex-handled="true" tabindex="-1"><span role="presentation" class="mdc-list-item__graphic"><i aria-hidden="true" class="mdc-icon material-icons">code</i></span>Select</a>
            <a role="option" href="/component/slider/" class="mdc-list-item" data-mdc-tabindex-handled="true" tabindex="-1"><span role="presentation" class="mdc-list-item__graphic"><i aria-hidden="true" class="mdc-icon material-icons">code</i></span>Slider</a>
            <a role="option" href="/component/snackbar/" class="mdc-list-item" data-mdc-tabindex-handled="true" tabindex="-1"><span role="presentation" class="mdc-list-item__graphic"><i aria-hidden="true" class="mdc-icon material-icons">code</i></span>Snackbar</a>
            <a role="option" href="/component/switch/" class="mdc-list-item" data-mdc-tabindex-handled="true" tabindex="-1"><span role="presentation" class="mdc-list-item__graphic"><i aria-hidden="true" class="mdc-icon material-icons">code</i></span>Switch</a>
            <a role="option" href="/component/tabs/" class="mdc-list-item" data-mdc-tabindex-handled="true" tabindex="-1"><span role="presentation" class="mdc-list-item__graphic"><i aria-hidden="true" class="mdc-icon material-icons">code</i></span>Tabs</a>
            <a role="option" href="/component/textfield/" class="mdc-list-item" data-mdc-tabindex-handled="true" tabindex="-1"><span role="presentation" class="mdc-list-item__graphic"><i aria-hidden="true" class="mdc-icon material-icons">code</i></span>TextField</a>
            <a role="option" href="/component/theme/" class="mdc-list-item" data-mdc-tabindex-handled="true" tabindex="-1"><span role="presentation" class="mdc-list-item__graphic"><i aria-hidden="true" class="mdc-icon material-icons">code</i></span>Theme</a>
            <a role="option" href="/component/toolbar/" class="mdc-list-item" data-mdc-tabindex-handled="true" tabindex="-1"><span role="presentation" class="mdc-list-item__graphic"><i aria-hidden="true" class="mdc-icon material-icons">code</i></span>Toolbar</a>
            <a role="option" href="/component/top-app-bar/" class="mdc-list-item" data-mdc-tabindex-handled="true"
              tabindex="-1"><span role="presentation" class="mdc-list-item__graphic"><i aria-hidden="true" class="mdc-icon material-icons">code</i></span>TopAppBar</a>
            <a role="option" href="/component/typography/" class="mdc-list-item" data-mdc-tabindex-handled="true"
              tabindex="-1"><span role="presentation" class="mdc-list-item__graphic"><i aria-hidden="true" class="mdc-icon material-icons">code</i></span>Typography</a>
          </nav>
        </nav>
      </aside>
      <div class="content mdc-layout-grid">
        <div class="mdc-layout-grid__inner">
          <div class="mdc-layout-grid__cell mdc-layout-grid__cell--span-12">
            <div>
              <div>
                <div class="mdc-typography--display1">Components and their props</div>
                <ul>
                  <li>
                    <div class="mdc-typography--headline">Radio</div>
                    <ul>
                      <li>
                        <div>
                          <div><span class="mdc-typography--title">checked </span><span class="mdc-typography--body2">true/false</span></div>
                          <div class="mdc-typography--caption">This makes the Radio button checked.</div>
                        </div>
                      </li>
                      <li>
                        <div>
                          <div><span class="mdc-typography--title">disabled </span><span class="mdc-typography--body2">true/false</span></div>
                          <div class="mdc-typography--caption">This makes the Radio button disabled.</div>
                        </div>
                      </li>
                    </ul>
                  </li>
                </ul>
              </div>
              <div class="mdc-typography--display1">Sample code </div><pre class="highlight highlight-js"><code class="hljs lang-js"><span class="hljs-keyword">import</span> {h, Component} <span class="hljs-keyword">from</span> <span class="hljs-string">'preact'</span>;
<span class="hljs-keyword">import</span> Radio <span class="hljs-keyword">from</span> <span class="hljs-string">'preact-material-components/Radio'</span>;
<span class="hljs-keyword">import</span> FormField <span class="hljs-keyword">from</span> <span class="hljs-string">'preact-material-components/FormField'</span>;
<span class="hljs-keyword">import</span> <span class="hljs-string">'preact-material-components/FormField/style.css'</span>;
<span class="hljs-keyword">import</span> <span class="hljs-string">'preact-material-components/List/style.css'</span>;
<span class="hljs-keyword">export</span> <span class="hljs-keyword">default</span> <span class="hljs-class"><span class="hljs-keyword">class</span> <span class="hljs-title">ListPage</span> <span class="hljs-keyword">extends</span> <span class="hljs-title">Component</span> </span>{
  render(){
    <span class="hljs-keyword">return</span> (
      <span class="xml"><span class="hljs-tag">&lt;<span class="hljs-name">div</span>&gt;</span>
        <span class="hljs-tag">&lt;<span class="hljs-name">FormField</span>&gt;</span>
          <span class="hljs-tag">&lt;<span class="hljs-name">Radio</span> <span class="hljs-attr">id</span>=<span class="hljs-string">"r1"</span> <span class="hljs-attr">name</span>=<span class="hljs-string">'opts'</span>&gt;</span><span class="hljs-tag">&lt;/<span class="hljs-name">Radio</span>&gt;</span>
          <span class="hljs-tag">&lt;<span class="hljs-name">label</span> <span class="hljs-attr">for</span>=<span class="hljs-string">"r1"</span>&gt;</span>Radio 1<span class="hljs-tag">&lt;/<span class="hljs-name">label</span>&gt;</span>
        <span class="hljs-tag">&lt;/<span class="hljs-name">FormField</span>&gt;</span>
      <span class="hljs-tag">&lt;/<span class="hljs-name">div</span>&gt;</span></span>
    );
  }
}</code></pre>
              <div class="mdc-typography--display1">Original documentation</div>
              <div class="mdc-typography--body">This component encapsulates <span class="strong">mdc-radio</span>, you can refer to its documentation
                <a href="https://github.com/material-components/material-components-web/tree/master/packages/mdc-radio"> here</a>.</div>
              <div class="mdc-typography--display1">Demo </div>
              <div class="mdc-typography--title">Basic radio group</div>
              <div>
                <div class="mdc-form-field">
                  <div class="mdc-radio mdc-ripple-upgraded mdc-ripple-upgraded--unbounded" style="--mdc-ripple-fg-size:24px; --mdc-ripple-fg-scale:1.6666666666666667; --mdc-ripple-left:8px; --mdc-ripple-top:8px;">
                    <input class="mdc-radio__native-control" id="radio-1" name="Basic Options" type="radio">
                    <div class="mdc-radio__background">
                      <div class="mdc-radio__outer-circle"></div>
                      <div class="mdc-radio__inner-circle"></div>
                    </div>
                  </div>
                  <label for="radio-1">Radio 1</label>
                </div>
                <div class="mdc-form-field">
                  <div class="mdc-radio mdc-ripple-upgraded mdc-ripple-upgraded--unbounded" style="--mdc-ripple-fg-size:24px; --mdc-ripple-fg-scale:1.6666666666666667; --mdc-ripple-left:8px; --mdc-ripple-top:8px;">
                    <input class="mdc-radio__native-control" id="radio-2" name="Basic Options" type="radio">
                    <div class="mdc-radio__background">
                      <div class="mdc-radio__outer-circle"></div>
                      <div class="mdc-radio__inner-circle"></div>
                    </div>
                  </div>
                  <label for="radio-2">Radio 2</label>
                </div>
                <div class="mdc-form-field">
                  <div class="mdc-radio mdc-ripple-upgraded mdc-ripple-upgraded--unbounded" style="--mdc-ripple-fg-size:24px; --mdc-ripple-fg-scale:1.6666666666666667; --mdc-ripple-left:8px; --mdc-ripple-top:8px;">
                    <input class="mdc-radio__native-control" id="radio-3" name="Basic Options" type="radio">
                    <div class="mdc-radio__background">
                      <div class="mdc-radio__outer-circle"></div>
                      <div class="mdc-radio__inner-circle"></div>
                    </div>
                  </div>
                  <label for="radio-3">Radio 3</label>
                </div>
              </div><pre class="highlight highlight-html"><code class="hljs lang-html">// name must match accross all elements to logically group them
<span class="hljs-tag">&lt;<span class="hljs-name">div</span>&gt;</span>
  <span class="hljs-tag">&lt;<span class="hljs-name">Formfield</span>&gt;</span>
    <span class="hljs-tag">&lt;<span class="hljs-name">Radio</span> <span class="hljs-attr">id</span>=<span class="hljs-string">"radio-1"</span> <span class="hljs-attr">name</span>=<span class="hljs-string">"Basic Options"</span> /&gt;</span>
    <span class="hljs-tag">&lt;<span class="hljs-name">label</span> <span class="hljs-attr">for</span>=<span class="hljs-string">"radio-1"</span>&gt;</span>Radio 1<span class="hljs-tag">&lt;/<span class="hljs-name">label</span>&gt;</span>
  <span class="hljs-tag">&lt;/<span class="hljs-name">Formfield</span>&gt;</span>
  <span class="hljs-tag">&lt;<span class="hljs-name">Formfield</span>&gt;</span>
    <span class="hljs-tag">&lt;<span class="hljs-name">Radio</span> <span class="hljs-attr">id</span>=<span class="hljs-string">"radio-2"</span> <span class="hljs-attr">name</span>=<span class="hljs-string">"Basic Options"</span> /&gt;</span>
    <span class="hljs-tag">&lt;<span class="hljs-name">label</span> <span class="hljs-attr">for</span>=<span class="hljs-string">"radio-2"</span>&gt;</span>Radio 2<span class="hljs-tag">&lt;/<span class="hljs-name">label</span>&gt;</span>
  <span class="hljs-tag">&lt;/<span class="hljs-name">Formfield</span>&gt;</span>
  <span class="hljs-tag">&lt;<span class="hljs-name">Formfield</span>&gt;</span>
    <span class="hljs-tag">&lt;<span class="hljs-name">Radio</span> <span class="hljs-attr">id</span>=<span class="hljs-string">"radio-3"</span> <span class="hljs-attr">name</span>=<span class="hljs-string">"Basic Options"</span> /&gt;</span>
    <span class="hljs-tag">&lt;<span class="hljs-name">label</span> <span class="hljs-attr">for</span>=<span class="hljs-string">"radio-3"</span>&gt;</span>Radio 3<span class="hljs-tag">&lt;/<span class="hljs-name">label</span>&gt;</span>
  <span class="hljs-tag">&lt;/<span class="hljs-name">Formfield</span>&gt;</span>
<span class="hljs-tag">&lt;/<span class="hljs-name">div</span>&gt;</span></code></pre>
              <div class="mdc-typography--title">Radio group with disabled option</div>
              <div>
                <div class="mdc-form-field">
                  <div class="mdc-radio mdc-ripple-upgraded mdc-ripple-upgraded--unbounded" style="--mdc-ripple-fg-size:24px; --mdc-ripple-fg-scale:1.6666666666666667; --mdc-ripple-left:8px; --mdc-ripple-top:8px;">
                    <input class="mdc-radio__native-control" disabled="" id="radio-1" name="Disabled Options" type="radio">
                    <div class="mdc-radio__background">
                      <div class="mdc-radio__outer-circle"></div>
                      <div class="mdc-radio__inner-circle"></div>
                    </div>
                  </div>
                  <label for="radio-1">Disabled</label>
                </div>
                <div class="mdc-form-field">
                  <div class="mdc-radio mdc-ripple-upgraded mdc-ripple-upgraded--unbounded" style="--mdc-ripple-fg-size:24px; --mdc-ripple-fg-scale:1.6666666666666667; --mdc-ripple-left:8px; --mdc-ripple-top:8px;">
                    <input class="mdc-radio__native-control" id="radio-2" name="Disabled Options" type="radio">
                    <div class="mdc-radio__background">
                      <div class="mdc-radio__outer-circle"></div>
                      <div class="mdc-radio__inner-circle"></div>
                    </div>
                  </div>
                  <label for="radio-2">Radio 2</label>
                </div>
                <div class="mdc-form-field">
                  <div class="mdc-radio mdc-ripple-upgraded mdc-ripple-upgraded--unbounded" style="--mdc-ripple-fg-size:24px; --mdc-ripple-fg-scale:1.6666666666666667; --mdc-ripple-left:8px; --mdc-ripple-top:8px;">
                    <input class="mdc-radio__native-control" id="radio-3" name="Disabled Options" type="radio">
                    <div class="mdc-radio__background">
                      <div class="mdc-radio__outer-circle"></div>
                      <div class="mdc-radio__inner-circle"></div>
                    </div>
                  </div>
                  <label for="radio-3">Radio 3</label>
                </div>
              </div><pre class="highlight highlight-html"><code class="hljs lang-html"><span class="hljs-tag">&lt;<span class="hljs-name">div</span>&gt;</span>
  <span class="hljs-tag">&lt;<span class="hljs-name">Formfield</span>&gt;</span>
    <span class="hljs-tag">&lt;<span class="hljs-name">Radio</span> 
      <span class="hljs-attr">disabled</span>=<span class="hljs-string">{true}</span> 
      <span class="hljs-attr">id</span>=<span class="hljs-string">"radio-1"</span> 
      <span class="hljs-attr">name</span>=<span class="hljs-string">"Disabled Options"</span> 
    /&gt;</span>
    <span class="hljs-tag">&lt;<span class="hljs-name">label</span> <span class="hljs-attr">for</span>=<span class="hljs-string">"radio-1"</span>&gt;</span>Disabled<span class="hljs-tag">&lt;/<span class="hljs-name">label</span>&gt;</span>
  <span class="hljs-tag">&lt;/<span class="hljs-name">Formfield</span>&gt;</span>
  <span class="hljs-tag">&lt;<span class="hljs-name">Formfield</span>&gt;</span>
    <span class="hljs-tag">&lt;<span class="hljs-name">Radio</span> <span class="hljs-attr">id</span>=<span class="hljs-string">"radio-2"</span> <span class="hljs-attr">name</span>=<span class="hljs-string">"Disabled Options"</span> /&gt;</span>
    <span class="hljs-tag">&lt;<span class="hljs-name">label</span> <span class="hljs-attr">for</span>=<span class="hljs-string">"radio-2"</span>&gt;</span>Radio 2<span class="hljs-tag">&lt;/<span class="hljs-name">label</span>&gt;</span>
  <span class="hljs-tag">&lt;/<span class="hljs-name">Formfield</span>&gt;</span>
  <span class="hljs-tag">&lt;<span class="hljs-name">Formfield</span>&gt;</span>
    <span class="hljs-tag">&lt;<span class="hljs-name">Radio</span> <span class="hljs-attr">id</span>=<span class="hljs-string">"radio-3"</span> <span class="hljs-attr">name</span>=<span class="hljs-string">"Disabled Options"</span> /&gt;</span>
    <span class="hljs-tag">&lt;<span class="hljs-name">label</span> <span class="hljs-attr">for</span>=<span class="hljs-string">"radio-3"</span>&gt;</span>Radio 3<span class="hljs-tag">&lt;/<span class="hljs-name">label</span>&gt;</span>
  <span class="hljs-tag">&lt;/<span class="hljs-name">Formfield</span>&gt;</span>
<span class="hljs-tag">&lt;/<span class="hljs-name">div</span>&gt;</span></code></pre>
              <div class="mdc-typography--title">Controlled radio group</div>
              <div>
                <div class="mdc-form-field">
                  <div class="mdc-radio mdc-ripple-upgraded mdc-ripple-upgraded--unbounded" style="--mdc-ripple-fg-size:24px; --mdc-ripple-fg-scale:1.6666666666666667; --mdc-ripple-left:8px; --mdc-ripple-top:8px;">
                    <input class="mdc-radio__native-control" id="radio-1" name="Controlled Options" type="radio">
                    <div class="mdc-radio__background">
                      <div class="mdc-radio__outer-circle"></div>
                      <div class="mdc-radio__inner-circle"></div>
                    </div>
                  </div>
                  <label for="radio-1">Radio 1</label>
                </div>
                <div class="mdc-form-field">
                  <div class="mdc-radio mdc-ripple-upgraded mdc-ripple-upgraded--unbounded" style="--mdc-ripple-fg-size:24px; --mdc-ripple-fg-scale:1.6666666666666667; --mdc-ripple-left:8px; --mdc-ripple-top:8px;">
                    <input class="mdc-radio__native-control" id="radio-2" name="Controlled Options" type="radio">
                    <div class="mdc-radio__background">
                      <div class="mdc-radio__outer-circle"></div>
                      <div class="mdc-radio__inner-circle"></div>
                    </div>
                  </div>
                  <label for="radio-2">Radio 2</label>
                </div>
                <div class="mdc-form-field">
                  <div class="mdc-radio mdc-ripple-upgraded mdc-ripple-upgraded--unbounded" style="--mdc-ripple-fg-size:24px; --mdc-ripple-fg-scale:1.6666666666666667; --mdc-ripple-left:8px; --mdc-ripple-top:8px;">
                    <input class="mdc-radio__native-control" id="radio-3" name="Controlled Options" type="radio">
                    <div class="mdc-radio__background">
                      <div class="mdc-radio__outer-circle"></div>
                      <div class="mdc-radio__inner-circle"></div>
                    </div>
                  </div>
                  <label for="radio-3">Radio 3</label>
                </div>
              </div><pre class="highlight highlight-html"><code class="hljs lang-html"><span class="hljs-tag">&lt;<span class="hljs-name">div</span>&gt;</span>
  <span class="hljs-tag">&lt;<span class="hljs-name">Formfield</span>&gt;</span>
    <span class="hljs-tag">&lt;<span class="hljs-name">Radio</span> <span class="hljs-attr">id</span>=<span class="hljs-string">"radio-1"</span> <span class="hljs-attr">name</span>=<span class="hljs-string">"Controlled Options"</span> /&gt;</span>
    <span class="hljs-tag">&lt;<span class="hljs-name">label</span> <span class="hljs-attr">for</span>=<span class="hljs-string">"radio-1"</span>&gt;</span>Radio 1<span class="hljs-tag">&lt;/<span class="hljs-name">label</span>&gt;</span>
  <span class="hljs-tag">&lt;/<span class="hljs-name">Formfield</span>&gt;</span>
  <span class="hljs-tag">&lt;<span class="hljs-name">Formfield</span>&gt;</span>
    <span class="hljs-tag">&lt;<span class="hljs-name">Radio</span> 
      <span class="hljs-attr">checked</span>=<span class="hljs-string">{true}</span> 
      <span class="hljs-attr">id</span>=<span class="hljs-string">"radio-2"</span> 
      <span class="hljs-attr">name</span>=<span class="hljs-string">"Controlled Options"</span> 
    /&gt;</span>
    <span class="hljs-tag">&lt;<span class="hljs-name">label</span> <span class="hljs-attr">for</span>=<span class="hljs-string">"radio-2"</span>&gt;</span>Radio 2<span class="hljs-tag">&lt;/<span class="hljs-name">label</span>&gt;</span>
  <span class="hljs-tag">&lt;/<span class="hljs-name">Formfield</span>&gt;</span>
  <span class="hljs-tag">&lt;<span class="hljs-name">Formfield</span>&gt;</span>
    <span class="hljs-tag">&lt;<span class="hljs-name">Radio</span> <span class="hljs-attr">id</span>=<span class="hljs-string">"radio-3"</span> <span class="hljs-attr">name</span>=<span class="hljs-string">"Controlled Options"</span> /&gt;</span>
    <span class="hljs-tag">&lt;<span class="hljs-name">label</span> <span class="hljs-attr">for</span>=<span class="hljs-string">"radio-3"</span>&gt;</span>Radio 3<span class="hljs-tag">&lt;/<span class="hljs-name">label</span>&gt;</span>
  <span class="hljs-tag">&lt;/<span class="hljs-name">Formfield</span>&gt;</span>
<span class="hljs-tag">&lt;/<span class="hljs-name">div</span>&gt;</span></code></pre>
              <div class="mdc-typography--title">Advanced controlled radio group</div>This is a possible example of controlling the values of a group of radio buttons in component state.<pre class="highlight highlight-js"><code class="hljs lang-js"><span class="hljs-keyword">import</span> { Component } <span class="hljs-keyword">from</span> <span class="hljs-string">"preact"</span>;
<span class="hljs-keyword">import</span> Radio <span class="hljs-keyword">from</span> <span class="hljs-string">"preact-material-components/Radio"</span>;
<span class="hljs-keyword">import</span> FormField <span class="hljs-keyword">from</span> <span class="hljs-string">"preact-material-components/FormField"</span>;
<span class="hljs-keyword">import</span> <span class="hljs-string">"preact-material-components/FormField/style.css"</span>;
<span class="hljs-keyword">import</span> <span class="hljs-string">"preact-material-components/List/style.css"</span>;
<span class="hljs-keyword">export</span> <span class="hljs-keyword">default</span> <span class="hljs-class"><span class="hljs-keyword">class</span> <span class="hljs-title">ControlledRadioExample</span> <span class="hljs-keyword">extends</span> <span class="hljs-title">Component</span> </span>{
  <span class="hljs-keyword">constructor</span>() {
    <span class="hljs-keyword">super</span>();
    <span class="hljs-keyword">this</span>.state = {
      <span class="hljs-attr">options</span>: [
        { <span class="hljs-attr">name</span>: <span class="hljs-string">"Radio 1"</span>, <span class="hljs-attr">checked</span>: <span class="hljs-literal">false</span> },
        { <span class="hljs-attr">name</span>: <span class="hljs-string">"Radio 2"</span>, <span class="hljs-attr">checked</span>: <span class="hljs-literal">false</span> },
        { <span class="hljs-attr">name</span>: <span class="hljs-string">"Radio 3"</span>, <span class="hljs-attr">checked</span>: <span class="hljs-literal">false</span> }
      ]
    };
  }
  onChange = <span class="hljs-function"><span class="hljs-params">selectedIndex</span> =&gt;</span> {
    <span class="hljs-keyword">var</span> updatedOptions = <span class="hljs-keyword">this</span>.state.options.slice().map(<span class="hljs-function">(<span class="hljs-params">option, index</span>) =&gt;</span> {
      option.checked = index === selectedIndex ? <span class="hljs-literal">true</span> : <span class="hljs-literal">false</span>;
      <span class="hljs-keyword">return</span> option;
    });
    <span class="hljs-keyword">this</span>.setState({
      <span class="hljs-attr">options</span>: updatedOptions
    });
  };
  render() {
    <span class="hljs-keyword">var</span> controlledRadioElements = <span class="hljs-keyword">this</span>.state.options.map(<span class="hljs-function">(<span class="hljs-params">option, i</span>) =&gt;</span> {
      <span class="hljs-keyword">return</span> (
        <span class="xml"><span class="hljs-tag">&lt;<span class="hljs-name">FormField</span>&gt;</span>
          <span class="hljs-tag">&lt;<span class="hljs-name">Radio</span>
            <span class="hljs-attr">id</span>=<span class="hljs-string">{</span>`<span class="hljs-attr">radio-</span>${<span class="hljs-attr">i</span>}`}
            <span class="hljs-attr">name</span>=<span class="hljs-string">"Controlled Options"</span>
            <span class="hljs-attr">checked</span>=<span class="hljs-string">{option.checked}</span>
            <span class="hljs-attr">onChange</span>=<span class="hljs-string">{this.onChange.bind(undefined,</span> <span class="hljs-attr">i</span>)}
          /&gt;</span>
          <span class="hljs-tag">&lt;<span class="hljs-name">label</span> <span class="hljs-attr">for</span>=<span class="hljs-string">{</span>`<span class="hljs-attr">radio-</span>${<span class="hljs-attr">i</span>}`}&gt;</span>{option.name}<span class="hljs-tag">&lt;/<span class="hljs-name">label</span>&gt;</span>
        <span class="hljs-tag">&lt;/<span class="hljs-name">FormField</span>&gt;</span>
      );
    });
    return <span class="hljs-tag">&lt;<span class="hljs-name">div</span>&gt;</span>{controlledRadioElements}<span class="hljs-tag">&lt;/<span class="hljs-name">div</span>&gt;</span>;
  }
}</span></code></pre></div>
          </div>
        </div>
      </div>
    </div>
    <script defer="defer" src="[dynamic generated].js"></script>
    <script>
      window.fetch || document.write('<script src="[dynamic generated].js"><\/script>')
    </script>
  </body>
</html>