<html lang="en">
  <head>
    <meta charset="utf-8">
    <title>Textfield</title>
    <meta name="viewport" content="initial-scale=1,maximum-scale=1">
    <meta name="keywords" content="preact, material components, preact components">
    <meta name="description" content="preact-material-components is a thin opinionless wrapper around material-components-web. Use these components to add material components to your web app, without worrying about the extra code of the the components which you are not using.">
    <meta name="mobile-web-app-capable" content="yes">
    <meta name="apple-mobile-web-app-capable" content="yes">
    <link rel="shortcut icon" type="image/png" href="favicon.png">
    <link rel="stylesheet" href="https://fonts.googleapis.com/icon?family=Material+Icons">
    <link rel="manifest" href="/manifest.json">
    <link rel="shortcut icon" href="/favicon.ico">
    <link href="[dynamic generated].css" rel="stylesheet">
    <script type="text/javascript" charset="utf-8" async="" src="[dynamic generated].js"></script>
  </head>
  <body>
    <div class="home mdc-typography">
      <link rel="stylesheet" href="https://fonts.googleapis.com/icon?family=Material+Icons">
      <div class="hero collapsed">
        <header class="mdc-theme--dark mdc-toolbar mdc-toolbar--flexible-space-maximized">
          <div class="mdc-toolbar__row">
            <section class="mdc-toolbar__section mdc-toolbar__section--align-start">
              <a class="mdc-toolbar__menu-icon material-icons" menu="true" href="#">menu</a><span class="mdc-toolbar__title">TextField</span></section>
            <section class="mdc-toolbar__section mdc-toolbar__section--align-end">
              <div class="field-darkmode mdc-form-field">Dark Mode
                <div class="switch-darkmode mdc-switch">
                  <input class="mdc-switch__native-control" type="checkbox">
                  <div class="mdc-switch__background">
                    <div class="mdc-switch__knob"></div>
                  </div>
                </div>
              </div>
            </section>
          </div>
        </header>
        <svg width="200" height="200" xmlns="http://www.w3.org/2000/svg" preserveAspectRatio="xMinYMid">
          <g>
            <title>background</title>
            <rect fill="none" id="canvas_background" height="202" width="202" y="-1" x="-1"></rect>
          </g>
          <g>
            <title>Layer 1</title>
            <path stroke="#673ab8" id="svg_19" fill="#673ab8" d="m100,6.87844l83.36915,46.56078l0,93.12156l-83.36915,46.56078l-83.36914,-46.56078l0,-93.12156l83.36914,-46.56078z"></path>
            <g id="svg_34">
              <g stroke="null" id="svg_5">
                <circle stroke="null" id="svg_1" r="56.999668" cy="99.999997" cx="99.333339" class="st0"></circle>
                <path stroke="null" id="svg_2" d="m59.433574,60.100231l79.799535,0l0,79.799535l-79.799535,0l0,-79.799535z" class="st1"></path>
                <path stroke="null" id="svg_3" d="m139.233109,60.100231l-39.899768,79.799535l-39.899768,-79.799535l79.799535,0z" class="st2"></path>
                <path stroke="null" id="svg_4" d="m42.333671,43.000329l113.999336,0l0,113.999336l-113.999336,0l0,-113.999336z" class="st3"></path>
              </g>
              <ellipse ry="1.999985" rx="1.999985" id="svg_25" cy="93.333385" cx="99.333336" stroke-width="null" stroke="null" fill="#673ab8"></ellipse>
            </g>
            <g stroke="null" id="svg_36">
              <ellipse stroke="#673ab8" transform="matrix(0.17321515449627276,0.17321515449627273,-0.17321515449627273,0.17321515449627276,63.46362017579341,27.139604895916065) " ry="20.957719" rx="75.190925" id="svg_32" cy="89.457308" cx="296.539126" fill-opacity="null"
                stroke-width="5" fill="none"></ellipse>
              <ellipse stroke="#673ab8" transform="matrix(0.17321515449627276,-0.17321515449627273,0.17321515449627273,0.17321515449627276,28.182048694186207,62.16614021567621) " ry="20.957719" rx="75.190925" id="svg_35" cy="297.275314" cx="113.492909"
                fill-opacity="null" stroke-width="5" fill="none"></ellipse>
            </g>
          </g>
        </svg>
        <div class="mdc-typography--display2 name">preact-material-components</div>
      </div>
      <aside class="mdc-drawer--temporary mdc-typography mdc-drawer" style="--mdc-temporary-drawer-opacity:0;">
        <nav class="mdc-drawer__drawer">
          <header class="mdc-theme--primary-bg mdc-drawer__header">
            <div class="mdc-drawer__header-content">Components @ (v1.5.0)</div>
          </header>
          <nav class="mdc-drawer__content mdc-list">
            <a role="option" href="/" class="mdc-list-item" data-mdc-tabindex-handled="true" tabindex="-1"><span role="presentation" class="mdc-list-item__graphic"><i aria-hidden="true" class="mdc-icon material-icons">home</i></span>Home</a>
            <a role="option" href="/component/button/" class="mdc-list-item" data-mdc-tabindex-handled="true" tabindex="-1"><span role="presentation" class="mdc-list-item__graphic"><i aria-hidden="true" class="mdc-icon material-icons">code</i></span>Button</a>
            <a role="option" href="/component/card/" class="mdc-list-item" data-mdc-tabindex-handled="true" tabindex="-1"><span role="presentation" class="mdc-list-item__graphic"><i aria-hidden="true" class="mdc-icon material-icons">code</i></span>Card</a>
            <a role="option" href="/component/chips/" class="mdc-list-item" data-mdc-tabindex-handled="true" tabindex="-1"><span role="presentation" class="mdc-list-item__graphic"><i aria-hidden="true" class="mdc-icon material-icons">code</i></span>Chips</a>
            <a role="option" href="/component/checkbox/" class="mdc-list-item" data-mdc-tabindex-handled="true" tabindex="-1"><span role="presentation" class="mdc-list-item__graphic"><i aria-hidden="true" class="mdc-icon material-icons">code</i></span>Checkbox</a>
            <a role="option" href="/component/dialog/" class="mdc-list-item" data-mdc-tabindex-handled="true" tabindex="-1"><span role="presentation" class="mdc-list-item__graphic"><i aria-hidden="true" class="mdc-icon material-icons">code</i></span>Dialog</a>
            <a role="option" href="/component/drawer/" class="mdc-list-item" data-mdc-tabindex-handled="true" tabindex="-1"><span role="presentation" class="mdc-list-item__graphic"><i aria-hidden="true" class="mdc-icon material-icons">code</i></span>Drawer</a>
            <a role="option" href="/component/elevation/" class="mdc-list-item" data-mdc-tabindex-handled="true" tabindex="-1"><span role="presentation" class="mdc-list-item__graphic"><i aria-hidden="true" class="mdc-icon material-icons">code</i></span>Elevation</a>
            <a role="option" href="/component/fab/" class="mdc-list-item" data-mdc-tabindex-handled="true" tabindex="-1"><span role="presentation" class="mdc-list-item__graphic"><i aria-hidden="true" class="mdc-icon material-icons">code</i></span>Fab</a>
            <a role="option" href="/component/form-field/" class="mdc-list-item" data-mdc-tabindex-handled="true" tabindex="-1"><span role="presentation" class="mdc-list-item__graphic"><i aria-hidden="true" class="mdc-icon material-icons">code</i></span>FormField</a>
            <a role="option" href="/component/grid-list/" class="mdc-list-item" data-mdc-tabindex-handled="true"
              tabindex="-1"><span role="presentation" class="mdc-list-item__graphic"><i aria-hidden="true" class="mdc-icon material-icons">code</i></span>GridList</a>
            <a role="option" href="/component/icon/" class="mdc-list-item" data-mdc-tabindex-handled="true" tabindex="-1"><span role="presentation" class="mdc-list-item__graphic"><i aria-hidden="true" class="mdc-icon material-icons">code</i></span>Icon</a>
            <a role="option" href="/component/icon-button/" class="mdc-list-item" data-mdc-tabindex-handled="true" tabindex="-1"><span role="presentation" class="mdc-list-item__graphic"><i aria-hidden="true" class="mdc-icon material-icons">code</i></span>IconButton</a>
            <a role="option" href="/component/icon-toggle/" class="mdc-list-item" data-mdc-tabindex-handled="true"
              tabindex="-1"><span role="presentation" class="mdc-list-item__graphic"><i aria-hidden="true" class="mdc-icon material-icons">code</i></span>IconToggle</a>
            <a role="option" href="/component/image-list/" class="mdc-list-item" data-mdc-tabindex-handled="true"
              tabindex="-1"><span role="presentation" class="mdc-list-item__graphic"><i aria-hidden="true" class="mdc-icon material-icons">code</i></span>ImageList</a>
            <a role="option" href="/component/layout-grid/" class="mdc-list-item" data-mdc-tabindex-handled="true"
              tabindex="-1"><span role="presentation" class="mdc-list-item__graphic"><i aria-hidden="true" class="mdc-icon material-icons">code</i></span>LayoutGrid</a>
            <a role="option" href="/component/linear-progress/" class="mdc-list-item" data-mdc-tabindex-handled="true"
              tabindex="-1"><span role="presentation" class="mdc-list-item__graphic"><i aria-hidden="true" class="mdc-icon material-icons">code</i></span>LinearProgress</a>
            <a role="option" href="/component/list/" class="mdc-list-item" data-mdc-tabindex-handled="true"
              tabindex="-1"><span role="presentation" class="mdc-list-item__graphic"><i aria-hidden="true" class="mdc-icon material-icons">code</i></span>List</a>
            <a role="option" href="/component/menu/" class="mdc-list-item" data-mdc-tabindex-handled="true" tabindex="-1"><span role="presentation" class="mdc-list-item__graphic"><i aria-hidden="true" class="mdc-icon material-icons">code</i></span>Menu</a>
            <a role="option" href="/component/radio/" class="mdc-list-item" data-mdc-tabindex-handled="true" tabindex="-1"><span role="presentation" class="mdc-list-item__graphic"><i aria-hidden="true" class="mdc-icon material-icons">code</i></span>Radio</a>
            <a role="option" href="/component/select/" class="mdc-list-item" data-mdc-tabindex-handled="true" tabindex="-1"><span role="presentation" class="mdc-list-item__graphic"><i aria-hidden="true" class="mdc-icon material-icons">code</i></span>Select</a>
            <a role="option" href="/component/slider/" class="mdc-list-item" data-mdc-tabindex-handled="true" tabindex="-1"><span role="presentation" class="mdc-list-item__graphic"><i aria-hidden="true" class="mdc-icon material-icons">code</i></span>Slider</a>
            <a role="option" href="/component/snackbar/" class="mdc-list-item" data-mdc-tabindex-handled="true" tabindex="-1"><span role="presentation" class="mdc-list-item__graphic"><i aria-hidden="true" class="mdc-icon material-icons">code</i></span>Snackbar</a>
            <a role="option" href="/component/switch/" class="mdc-list-item" data-mdc-tabindex-handled="true" tabindex="-1"><span role="presentation" class="mdc-list-item__graphic"><i aria-hidden="true" class="mdc-icon material-icons">code</i></span>Switch</a>
            <a role="option" href="/component/tabs/" class="mdc-list-item" data-mdc-tabindex-handled="true" tabindex="-1"><span role="presentation" class="mdc-list-item__graphic"><i aria-hidden="true" class="mdc-icon material-icons">code</i></span>Tabs</a>
            <a role="option" href="/component/textfield/" class="mdc-list-item" data-mdc-tabindex-handled="true" tabindex="-1"><span role="presentation" class="mdc-list-item__graphic"><i aria-hidden="true" class="mdc-icon material-icons">code</i></span>TextField</a>
            <a role="option" href="/component/theme/" class="mdc-list-item" data-mdc-tabindex-handled="true" tabindex="-1"><span role="presentation" class="mdc-list-item__graphic"><i aria-hidden="true" class="mdc-icon material-icons">code</i></span>Theme</a>
            <a role="option" href="/component/toolbar/" class="mdc-list-item" data-mdc-tabindex-handled="true" tabindex="-1"><span role="presentation" class="mdc-list-item__graphic"><i aria-hidden="true" class="mdc-icon material-icons">code</i></span>Toolbar</a>
            <a role="option" href="/component/top-app-bar/" class="mdc-list-item" data-mdc-tabindex-handled="true"
              tabindex="-1"><span role="presentation" class="mdc-list-item__graphic"><i aria-hidden="true" class="mdc-icon material-icons">code</i></span>TopAppBar</a>
            <a role="option" href="/component/typography/" class="mdc-list-item" data-mdc-tabindex-handled="true"
              tabindex="-1"><span role="presentation" class="mdc-list-item__graphic"><i aria-hidden="true" class="mdc-icon material-icons">code</i></span>Typography</a>
          </nav>
        </nav>
      </aside>
      <div class="content mdc-layout-grid">
        <div class="mdc-layout-grid__inner">
          <div class="mdc-layout-grid__cell mdc-layout-grid__cell--span-12">
            <div>
              <div>
                <div class="mdc-typography--display1">Components and their props</div>
                <ul>
                  <li>
                    <div class="mdc-typography--headline">TextField</div>
                    <ul>
                      <li>
                        <div>
                          <div><span class="mdc-typography--title">fullwidth </span><span class="mdc-typography--body2">true/false</span></div>
                          <div class="mdc-typography--caption">Makes the textfield full width.</div>
                        </div>
                      </li>
                      <li>
                        <div>
                          <div><span class="mdc-typography--title">textarea </span><span class="mdc-typography--body2">true/false</span></div>
                          <div class="mdc-typography--caption">Toggles between TextArea and TextField.</div>
                        </div>
                      </li>
                      <li>
                        <div>
                          <div><span class="mdc-typography--title">type </span><span class="mdc-typography--body2">text, password, date, time, etc.</span></div>
                          <div class="mdc-typography--caption">Type of HTML textfield (defaults to 'text')</div>
                        </div>
                      </li>
                      <li>
                        <div>
                          <div><span class="mdc-typography--title">dense </span><span class="mdc-typography--body2">true/false</span></div>
                          <div class="mdc-typography--caption">Use a dense font</div>
                        </div>
                      </li>
                      <li>
                        <div>
                          <div><span class="mdc-typography--title">box </span><span class="mdc-typography--body2">true/false</span></div>
                          <div class="mdc-typography--caption">Enclose label and input in a transparent rectangular fill</div>
                        </div>
                      </li>
                      <li>
                        <div>
                          <div><span class="mdc-typography--title">disabled </span><span class="mdc-typography--body2">true/false</span></div>
                          <div class="mdc-typography--caption">Disables the input</div>
                        </div>
                      </li>
                      <li>
                        <div>
                          <div><span class="mdc-typography--title">outlined </span><span class="mdc-typography--body2">true/false</span></div>
                          <div class="mdc-typography--caption">Adds an outline around the TextField</div>
                        </div>
                      </li>
                      <li>
                        <div>
                          <div><span class="mdc-typography--title">helperText </span><span class="mdc-typography--body2">help text</span></div>
                          <div class="mdc-typography--caption">Include an help text that is useful for providing supplemental information to users, as well for validation messages</div>
                        </div>
                      </li>
                      <li>
                        <div>
                          <div><span class="mdc-typography--title">helperTextPersistent </span><span class="mdc-typography--body2">true/false</span></div>
                          <div class="mdc-typography--caption">Makes the help text always visible</div>
                        </div>
                      </li>
                      <li>
                        <div>
                          <div><span class="mdc-typography--title">helperTextValidationMsg </span><span class="mdc-typography--body2">true/false</span></div>
                          <div class="mdc-typography--caption">Provide styles for using the help text as a validation message</div>
                        </div>
                      </li>
                      <li>
                        <div>
                          <div><span class="mdc-typography--title">outerStyles </span><span class="mdc-typography--body2">like (p)react's style prop</span></div>
                          <div class="mdc-typography--caption">Applies styles to the whole element</div>
                        </div>
                      </li>
                    </ul>
                  </li>
                </ul>
              </div>
              <div class="mdc-typography--display1">Sample code </div><pre class="highlight highlight-js"><code class="hljs lang-js"><span class="hljs-keyword">import</span> {h, Component} <span class="hljs-keyword">from</span> <span class="hljs-string">'preact'</span>;
<span class="hljs-keyword">import</span> TextField <span class="hljs-keyword">from</span> <span class="hljs-string">'preact-material-components/TextField'</span>;
<span class="hljs-keyword">import</span> <span class="hljs-string">'preact-material-components/TextField/style.css'</span>;
<span class="hljs-keyword">export</span> <span class="hljs-keyword">default</span> <span class="hljs-class"><span class="hljs-keyword">class</span> <span class="hljs-title">TextFieldPage</span> <span class="hljs-keyword">extends</span> <span class="hljs-title">Component</span> </span>{
  render(){
    <span class="hljs-keyword">return</span> (
      <span class="xml"><span class="hljs-tag">&lt;<span class="hljs-name">div</span>&gt;</span>
        <span class="hljs-tag">&lt;<span class="hljs-name">TextField</span> <span class="hljs-attr">label</span>=<span class="hljs-string">"Textarea tag"</span>/&gt;</span>
      <span class="hljs-tag">&lt;/<span class="hljs-name">div</span>&gt;</span>
    );
  }
}</span></code></pre>
              <div class="mdc-typography--display1">Original documentation</div>
              <div class="mdc-typography--body">This component encapsulates <span class="strong">mdc-text-field</span>. You can refer to its documentation
                <a href="https://material.io/develop/web/components/input-controls/text-field/"> here</a>.</div>
              <div class="mdc-typography--display1">Demo</div>
              <div class="mdc-typography--title">Default</div>
              <div class="mdc-text-field mdc-text-field--upgraded" style="">
                <input class="mdc-text-field__input" label="Your name" id="tf-1" type="text">
                <label for="tf-1" class="mdc-floating-label">Your name</label>
                <div class="mdc-line-ripple"></div>
              </div> Hi - <pre class="highlight highlight-html"><code class="hljs lang-html"><span class="hljs-tag">&lt;<span class="hljs-name">TextField</span>
  <span class="hljs-attr">label</span>=<span class="hljs-string">"Your name"</span>
  <span class="hljs-attr">onKeyUp</span>=<span class="hljs-string">{e</span> =&gt;</span> {
    this.setState({
      name: e.target.value
    });
  }}
/&gt;{" "}
Hi - {this.state.name}</code></pre>
              <div class="mdc-typography--title">Textarea</div>
              <div class="mdc-text-field mdc-text-field--textarea mdc-text-field--upgraded" style="">
                <textarea class="mdc-text-field__input" textarea="true" label="Textarea tag" id="tf-2"></textarea>
                <label for="tf-2" class="mdc-floating-label">Textarea tag</label>
              </div><pre class="highlight highlight-html"><code class="hljs lang-html"><span class="hljs-tag">&lt;<span class="hljs-name">TextField</span> <span class="hljs-attr">textarea</span>=<span class="hljs-string">{true}</span> <span class="hljs-attr">label</span>=<span class="hljs-string">"Textarea tag"</span> /&gt;</span></code></pre>
              <div
                class="mdc-typography--title">Password</div>
            <div class="mdc-text-field mdc-text-field--upgraded" style="">
              <input class="mdc-text-field__input" label="Enter a password" id="tf-3" type="password">
              <label for="tf-3" class="mdc-floating-label">Enter a password</label>
              <div class="mdc-line-ripple"></div>
            </div><pre class="highlight highlight-html"><code class="hljs lang-html"><span class="hljs-tag">&lt;<span class="hljs-name">TextField</span> <span class="hljs-attr">type</span>=<span class="hljs-string">"password"</span> <span class="hljs-attr">label</span>=<span class="hljs-string">"Enter a password"</span> /&gt;</span></code></pre>
            <div
              class="mdc-typography--title">With help text</div>
          <div class="">
            <div class="mdc-text-field mdc-text-field--upgraded" style="">
              <input class="mdc-text-field__input" label="Help text" helpertext="This is the helptext" id="tf-4" aria-controls="tf-4-helper-text" type="text">
              <label for="tf-4" class="mdc-floating-label">Help text</label>
              <div class="mdc-line-ripple"></div>
            </div>
            <p id="tf-4-helper-text" aria-hidden="true" class="mdc-text-field-helper-text">This is the helptext</p>
          </div><pre class="highlight highlight-html"><code class="hljs lang-html"><span class="hljs-tag">&lt;<span class="hljs-name">TextField</span> <span class="hljs-attr">label</span>=<span class="hljs-string">"Help text"</span> <span class="hljs-attr">helpertext</span>=<span class="hljs-string">"This is the helptext"</span> /&gt;</span></code></pre>
          <div
            class="mdc-typography--title">With persistent help text</div>
        <div class="">
          <div class="mdc-text-field mdc-text-field--upgraded" style="">
            <input class="mdc-text-field__input" label="Persistent help text" helpertext="This is the helptext" id="tf-5" aria-controls="tf-5-helper-text" type="text">
            <label for="tf-5" class="mdc-floating-label">Persistent help text</label>
            <div class="mdc-line-ripple"></div>
          </div>
          <p id="tf-5-helper-text" aria-hidden="true" class="mdc-text-field-helper-text mdc-text-field-helper-text--persistent">This is the helptext</p>
        </div><pre class="highlight highlight-html"><code class="hljs lang-html"><span class="hljs-tag">&lt;<span class="hljs-name">TextField</span>
  <span class="hljs-attr">label</span>=<span class="hljs-string">"Persistent help text"</span>
  <span class="hljs-attr">helperText</span>=<span class="hljs-string">"This is the helperText"</span>
  <span class="hljs-attr">helperTextPersistent</span>
/&gt;</span></code></pre>
        <div class="mdc-typography--title">Dense</div>
        <div class="mdc-text-field mdc-text-field--dense mdc-text-field--upgraded" style="">
          <input class="mdc-text-field__input" label="Dense" id="tf-6" dense="true" type="text">
          <label for="tf-6" class="mdc-floating-label">Dense</label>
          <div class="mdc-line-ripple"></div>
        </div><pre class="highlight highlight-html"><code class="hljs lang-html"><span class="hljs-tag">&lt;<span class="hljs-name">TextField</span> <span class="hljs-attr">label</span>=<span class="hljs-string">"Dense"</span> <span class="hljs-attr">dense</span> /&gt;</span></code></pre>
        <div
          class="mdc-typography--title">Outlined</div>
      <div class="mdc-text-field mdc-text-field--outlined mdc-text-field--upgraded" style="">
        <input class="mdc-text-field__input" label="Outlined" id="tf-7" type="text">
        <label for="tf-7" class="mdc-floating-label">Outlined</label>
        <div class="mdc-notched-outline">
          <svg>
            <path class="mdc-notched-outline__path"></path>
          </svg>
        </div>
        <div class="mdc-notched-outline__idle"></div>
      </div><pre class="highlight highlight-html"><code class="hljs lang-html"><span class="hljs-tag">&lt;<span class="hljs-name">TextField</span> <span class="hljs-attr">label</span>=<span class="hljs-string">"Outlined"</span> <span class="hljs-attr">outlined</span> /&gt;</span></code></pre>
      <div
        class="mdc-typography--title">Disabled</div>
    <div class="mdc-text-field mdc-text-field--disabled mdc-text-field--upgraded" style="">
      <input class="mdc-text-field__input" label="Disabled" id="tf-8" disabled="" type="text">
      <label for="tf-8" class="mdc-floating-label">Disabled</label>
      <div class="mdc-line-ripple"></div>
    </div><pre class="highlight highlight-html"><code class="hljs lang-html"><span class="hljs-tag">&lt;<span class="hljs-name">TextField</span> <span class="hljs-attr">label</span>=<span class="hljs-string">"Disabled"</span> <span class="hljs-attr">disabled</span> /&gt;</span></code></pre>
    <div
      class="mdc-typography--title">Controlled</div>
      <div class="mdc-text-field mdc-text-field--upgraded" style="">
        <input class="mdc-text-field__input" label="State" id="tf-9" type="text">
        <label for="tf-9" class="mdc-floating-label">State</label>
        <div class="mdc-line-ripple"></div>
      </div>State: <pre class="highlight highlight-html"><code class="hljs lang-html"><span class="hljs-tag">&lt;<span class="hljs-name">TextField</span>
  <span class="hljs-attr">label</span>=<span class="hljs-string">"State"</span>
  <span class="hljs-attr">value</span>=<span class="hljs-string">{this.state.value}</span>
  <span class="hljs-attr">onInput</span>=<span class="hljs-string">{e</span> =&gt;</span> this.setState({ value: e.target.value })}
/&gt;
State: {this.state.value}</code></pre>
      <div class="mdc-typography--title">outerStyle</div>
      <div class="mdc-text-field mdc-text-field--upgraded" style="transform: rotate(5deg); margin: 2rem 0px;">
        <input class="mdc-text-field__input" label="outerStyle" id="tf-10" type="text">
        <label for="tf-10" class="mdc-floating-label">outerStyle</label>
        <div class="mdc-line-ripple"></div>
      </div><pre class="highlight highlight-html"><code class="hljs lang-html"><span class="hljs-tag">&lt;<span class="hljs-name">TextField</span> <span class="hljs-attr">label</span>=<span class="hljs-string">"outerStyle"</span> <span class="hljs-attr">outerStyle</span>=<span class="hljs-string">{{transform:</span> '<span class="hljs-attr">rotate</span>(<span class="hljs-attr">45deg</span>)'}} /&gt;</span></code></pre></div>
      </div>
      </div>
      </div>
      </div>
      <script defer="defer" src="[dynamic generated].js"></script>
      <script>
        window.fetch || document.write('<script src="[dynamic generated].js"><\/script>')
      </script>
  </body>
</html>