<html xmlns="http://www.w3.org/1999/xhtml">
  <head></head>
  <body><pre style="word-wrap: break-word; white-space: pre-wrap;">Not Found</pre></body>
</html>